<html>
<body>
<pre>
<h1>礦ision Build Log</h1>
<h2>Project:</h2>
D:\microcontroller\PZ6806L\PZ-NRF24L01 2.4G无线通信模块\2.4G无线通信程序\PZ-NRF24L01 2.4G无线模块--STM32F1程序\Template.uvprojx
Project File Date:  04/09/2022

<h2>Output:</h2>
Rebuild target 'Target 1'
compiling main.c...
User\main.c(85): warning:  #177-D: variable "rd" was declared but never referenced
        u16 rd=0;
User\main.c: 1 warning, 0 errors
compiling stm32f10x_it.c...
assembling startup_stm32f10x_hd.s...
compiling stm32f10x_gpio.c...
compiling stm32f10x_rcc.c...
compiling misc.c...
compiling stm32f10x_exti.c...
compiling stm32f10x_tim.c...
compiling stm32f10x_usart.c...
compiling stm32f10x_iwdg.c...
compiling stm32f10x_wwdg.c...
compiling stm32f10x_bkp.c...
compiling stm32f10x_pwr.c...
compiling stm32f10x_adc.c...
compiling stm32f10x_dac.c...
compiling stm32f10x_dma.c...
compiling stm32f10x_rtc.c...
compiling stm32f10x_can.c...
compiling stm32f10x_fsmc.c...
compiling stm32f10x_spi.c...
compiling system_stm32f10x.c...
compiling core_cm3.c...
compiling led.c...
compiling tftlcd.c...
APP\tftlcd\tftlcd.c(571): warning:  #177-D: variable "i" was declared but never referenced
        u16 i;
APP\tftlcd\tftlcd.c(2214): warning:  #177-D: variable "g" was declared but never referenced
        u16 r=0,g=0,b=0;
APP\tftlcd\tftlcd.c(2214): warning:  #177-D: variable "b" was declared but never referenced
        u16 r=0,g=0,b=0;
APP\tftlcd\tftlcd.c: 3 warnings, 0 errors
compiling key.c...
compiling nrf24l01.c...
compiling spi.c...
compiling system.c...
compiling SysTick.c...
compiling usart.c...
linking...
Program Size: Code=7740 RO-data=7524 RW-data=48 ZI-data=1024  
FromELF: creating hex file...
".\User\NRFJS.axf" - 0 Error(s), 4 Warning(s).
</pre>
</body>
</html>
